[nongsan.monamedia.net/index.html]
[nongsan.monamedia.net/wp-content/uploads/2023/11/cropped-nongsan-fav-icon-32x32.png]
[nongsan.monamedia.net/wp-content/uploads/2023/11/cropped-nongsan-fav-icon-192x192.png]
[nongsan.monamedia.net/wp-content/uploads/2023/11/cropped-nongsan-fav-icon-180x180.png]
[nongsan.monamedia.net/wp-content/uploads/2023/11/cropped-nongsan-fav-icon-270x270.png]
[backblue.gif]
[fade.gif]
[index.html]
[nongsan.monamedia.net/index.html]
[nongsan.monamedia.net/template/css/style.css]
[nongsan.monamedia.net/xmlrpc.php]
[nongsan.monamedia.net/template/assets/library/fontawesome/css/all.css]
[nongsan.monamedia.net/template/assets/library/aos/aos.css]
[nongsan.monamedia.net/template/assets/library/swiper/swiper-bundle.min.css]
[nongsan.monamedia.net/template/assets/library/fontawesome/fontawesome/fontawesome.css]
[nongsan.monamedia.net/template/assets/library/themify-icons/themify-icons.css]
[nongsan.monamedia.net/template/assets/library/select2/select2.min.css]
[nongsan.monamedia.net/template/assets/library/themifi/themify-icons.css]
[nongsan.monamedia.net/template/assets/library/gallery/lightgallery.min.css]
[nongsan.monamedia.net/template/assets/library/splitting/splitting.css]
[nongsan.monamedia.net/template/assets/library/fancybox/fancybox.css]
[nongsan.monamedia.net/template/assets/library/datetime/daterangepicker.css]
[nongsan.monamedia.net/template/assets/font/Themify/stylesheet.css]
[nongsan.monamedia.net/template/assets/font/Quicksand/stylesheet.css]
[nongsan.monamedia.net/template/assets/images/con-ong.png]
[nongsan.monamedia.net/template/assets/images/la-dc-1.svg]
[nongsan.monamedia.net/template/assets/images/mask.png]
[nongsan.monamedia.net/template/assets/images/tick.svg]
[nongsan.monamedia.net/template/assets/images/loadding-btn.svg]
[nongsan.monamedia.net/template/assets/images/ack-song.png]
[nongsan.monamedia.net/template/css/style.css]
[nongsan.monamedia.net/template/css/backdoor.css]
[nongsan.monamedia.net/template/assets/library/fontawesome/webfonts/fa-brands-400.eot]
[nongsan.monamedia.net/template/assets/library/fontawesome/webfonts/fa-brands-400.woff2]
[nongsan.monamedia.net/template/assets/library/fontawesome/webfonts/fa-brands-400d41d.eot]
[nongsan.monamedia.net/template/assets/library/fontawesome/webfonts/fa-brands-400.woff]
[nongsan.monamedia.net/template/assets/library/fontawesome/webfonts/fa-brands-400.ttf]
[nongsan.monamedia.net/template/assets/library/fontawesome/webfonts/fa-brands-400.svg]
[nongsan.monamedia.net/template/assets/library/fontawesome/webfonts/fa-light-300.eot]
[nongsan.monamedia.net/template/assets/library/fontawesome/webfonts/fa-light-300.woff2]
[nongsan.monamedia.net/template/assets/library/fontawesome/webfonts/fa-light-300d41d.eot]
[nongsan.monamedia.net/template/assets/library/fontawesome/webfonts/fa-light-300.woff]
[nongsan.monamedia.net/template/assets/library/fontawesome/webfonts/fa-light-300.ttf]
[nongsan.monamedia.net/template/assets/library/fontawesome/webfonts/fa-regular-400.eot]
[nongsan.monamedia.net/template/assets/library/fontawesome/webfonts/fa-light-300.svg]
[nongsan.monamedia.net/template/assets/library/fontawesome/webfonts/fa-regular-400d41d.eot]
[nongsan.monamedia.net/template/assets/library/fontawesome/webfonts/fa-regular-400.woff2]
[nongsan.monamedia.net/template/assets/library/fontawesome/webfonts/fa-regular-400.woff]
[nongsan.monamedia.net/template/assets/library/fontawesome/webfonts/fa-regular-400.ttf]
[nongsan.monamedia.net/template/assets/library/fontawesome/webfonts/fa-regular-400.svg]
[nongsan.monamedia.net/template/assets/library/fontawesome/webfonts/fa-solid-900.eot]
[nongsan.monamedia.net/template/assets/library/fontawesome/webfonts/fa-solid-900.woff2]
[nongsan.monamedia.net/template/assets/library/fontawesome/webfonts/fa-solid-900d41d.eot]
[nongsan.monamedia.net/template/assets/library/fontawesome/webfonts/fa-solid-900.woff]
[nongsan.monamedia.net/template/assets/library/fontawesome/webfonts/fa-solid-900.ttf]
[nongsan.monamedia.net/template/assets/library/fontawesome/webfonts/fa-solid-900.svg]
[nongsan.monamedia.net/template/assets/library/fontawesome/css/all.css]
[nongsan.monamedia.net/template/assets/library/fontawesome/fontawesome/fa-brands-400.woff2]
[nongsan.monamedia.net/template/assets/library/fontawesome/fontawesome/fa-brands-400.ttf]
[nongsan.monamedia.net/template/assets/library/fontawesome/fontawesome/fa-duotone-900.woff2]
[nongsan.monamedia.net/template/assets/library/fontawesome/fontawesome/fa-duotone-900.ttf]
[nongsan.monamedia.net/template/assets/library/fontawesome/fontawesome/fa-light-300.woff2]
[nongsan.monamedia.net/template/assets/library/fontawesome/fontawesome/fa-light-300.ttf]
[nongsan.monamedia.net/template/assets/library/fontawesome/fontawesome/fa-regular-400.woff2]
[nongsan.monamedia.net/template/assets/library/fontawesome/fontawesome/fa-regular-400.ttf]
[nongsan.monamedia.net/template/assets/library/fontawesome/fontawesome/fa-solid-900.woff2]
[nongsan.monamedia.net/template/assets/library/fontawesome/fontawesome/fa-solid-900.ttf]
[nongsan.monamedia.net/template/assets/library/fontawesome/fontawesome/fa-thin-100.woff2]
[nongsan.monamedia.net/template/assets/library/fontawesome/fontawesome/fa-thin-100.ttf]
[nongsan.monamedia.net/template/assets/library/fontawesome/fontawesome/fa-v4compatibility.woff2]
[nongsan.monamedia.net/template/assets/library/fontawesome/fontawesome/fa-v4compatibility.ttf]
[nongsan.monamedia.net/template/assets/library/fontawesome/fontawesome/fontawesome.css]
[nongsan.monamedia.net/template/assets/library/aos/aos.css]
[nongsan.monamedia.net/template/assets/library/swiper/swiper-bundle.min.css]
[nongsan.monamedia.net/template/assets/library/themify-icons/fonts/themify9f24.eot]
[nongsan.monamedia.net/template/assets/library/themify-icons/fonts/themifyd41d.eot]
[nongsan.monamedia.net/template/assets/library/themify-icons/fonts/themify9f24.woff]
[nongsan.monamedia.net/template/assets/library/themify-icons/fonts/themify9f24.ttf]
[nongsan.monamedia.net/template/assets/library/themify-icons/fonts/themify9f24.svg]
[nongsan.monamedia.net/template/assets/library/themify-icons/themify-icons.css]
[nongsan.monamedia.net/template/assets/library/select2/select2.min.css]
[nongsan.monamedia.net/template/assets/library/themifi/fonts/themify9f24.eot]
[nongsan.monamedia.net/template/assets/library/themifi/fonts/themifyd41d.eot]
[nongsan.monamedia.net/template/assets/library/themifi/fonts/themify9f24.woff]
[nongsan.monamedia.net/template/assets/library/themifi/fonts/themify9f24.ttf]
[nongsan.monamedia.net/template/assets/library/themifi/fonts/themify9f24.svg]
[nongsan.monamedia.net/template/assets/library/themifi/themify-icons.css]
[nongsan.monamedia.net/template/assets/library/gallery/fonts/lg8306.ttf]
[nongsan.monamedia.net/template/assets/library/gallery/fonts/lg8306.woff]
[nongsan.monamedia.net/template/assets/library/gallery/fonts/lg8306.svg]
[nongsan.monamedia.net/template/assets/library/gallery/img/vimeo-play.png]
[nongsan.monamedia.net/template/assets/library/gallery/img/video-play.png]
[nongsan.monamedia.net/template/assets/library/gallery/img/youtube-play.png]
[nongsan.monamedia.net/template/assets/library/gallery/img/loading.gif]
[nongsan.monamedia.net/template/assets/library/gallery/lightgallery.min.css]
[nongsan.monamedia.net/template/assets/library/splitting/splitting.css]
[nongsan.monamedia.net/template/assets/library/fancybox/fancybox.css]
[nongsan.monamedia.net/template/assets/library/datetime/daterangepicker.css]
[nongsan.monamedia.net/template/assets/font/Themify/themify.woff2]
[nongsan.monamedia.net/template/assets/font/Themify/themify.woff]
[nongsan.monamedia.net/template/assets/font/Themify/stylesheet.css]
[nongsan.monamedia.net/template/assets/font/Quicksand/Quicksand-Bold.woff2]
[nongsan.monamedia.net/template/assets/font/Quicksand/Quicksand-Bold.woff]
[nongsan.monamedia.net/template/assets/font/Quicksand/Quicksand-Light.woff2]
[nongsan.monamedia.net/template/assets/font/Quicksand/Quicksand-Light.woff]
[nongsan.monamedia.net/template/assets/font/Quicksand/Quicksand-Medium.woff2]
[nongsan.monamedia.net/template/assets/font/Quicksand/Quicksand-Medium.woff]
[nongsan.monamedia.net/template/assets/font/Quicksand/Quicksand-SemiBold.woff2]
[nongsan.monamedia.net/template/assets/font/Quicksand/Quicksand-SemiBold.woff]
[nongsan.monamedia.net/template/assets/font/Quicksand/Quicksand-Regular.woff2]
[nongsan.monamedia.net/template/assets/font/Quicksand/Quicksand-Regular.woff]
[nongsan.monamedia.net/template/assets/font/Quicksand/stylesheet.css]
[nongsan.monamedia.net/template/assets/images/la-dc-1.svg]
[nongsan.monamedia.net/template/assets/images/tick.svg]
[nongsan.monamedia.net/template/assets/images/loadding-btn.svg]
[nongsan.monamedia.net/template/assets/library/fontawesome/webfonts/fa-brands-400.svg]
[nongsan.monamedia.net/template/assets/library/fontawesome/webfonts/fa-light-300.svg]
[nongsan.monamedia.net/template/assets/library/fontawesome/webfonts/fa-regular-400.svg]
[nongsan.monamedia.net/template/assets/library/fontawesome/webfonts/fa-solid-900.svg]
[nongsan.monamedia.net/template/assets/library/themify-icons/fonts/themify9f24.svg]
[nongsan.monamedia.net/template/assets/library/themifi/fonts/themify9f24.html]
[nongsan.monamedia.net/template/assets/library/themifi/fonts/themifyd41d.html]
[nongsan.monamedia.net/template/assets/library/themifi/fonts/themify9f24-2.html]
[nongsan.monamedia.net/template/assets/library/themifi/fonts/themify9f24-3.html]
[nongsan.monamedia.net/template/assets/library/themifi/fonts/themify9f24-4.html]
[nongsan.monamedia.net/template/assets/library/gallery/fonts/lg8306.svg]
[nongsan.monamedia.net/template/assets/library/gallery/img/vimeo-play.html]
[nongsan.monamedia.net/template/assets/library/gallery/img/video-play.html]
[nongsan.monamedia.net/template/assets/library/gallery/img/youtube-play.html]
[nongsan.monamedia.net/template/assets/library/gallery/img/loading.html]
